env video-anomaly already exists
Requirement already satisfied: torch==2.4.1 in /home/likhon/.slk/.prjt/envs/video-anomaly/lib/python3.11/site-packages (2.4.1)
Requirement already satisfied: torchvision==0.19.1 in /home/likhon/.slk/.prjt/envs/video-anomaly/lib/python3.11/site-packages (0.19.1)
Requirement already satisfied: torchaudio==2.4.1 in /home/likhon/.slk/.prjt/envs/video-anomaly/lib/python3.11/site-packages (2.4.1)
Collecting filelock (from torch==2.4.1)
  Using cached filelock-3.32.6-py3-none-any.whl.metadata (2.0 kB)
Collecting typing-extensions>=4.8.0 (from torch==2.4.1)
  Using cached typing_extensions-4.16.0-py3-none-any.whl.metadata (3.3 kB)
Collecting sympy (from torch==2.4.1)
  Using cached sympy-1.14.0-py3-none-any.whl.metadata (12 kB)
Collecting networkx (from torch==2.4.1)
  Using cached networkx-3.6.1-py3-none-any.whl.metadata (6.8 kB)
Collecting jinja2 (from torch==2.4.1)
  Using cached jinja2-3.1.6-py3-none-any.whl.metadata (2.9 kB)
Collecting fsspec (from torch==2.4.1)
  Using cached fsspec-2026.7.0-py3-none-any.whl.metadata (10 kB)
Requirement already satisfied: nvidia-cuda-nvrtc-cu12==12.1.105 in /home/likhon/.slk/.prjt/envs/video-anomaly/lib/python3.11/site-packages (from torch==2.4.1) (12.1.105)
Requirement already satisfied: nvidia-cuda-runtime-cu12==12.1.105 in /home/likhon/.slk/.prjt/envs/video-anomaly/lib/python3.11/site-packages (from torch==2.4.1) (12.1.105)
Requirement already satisfied: nvidia-cuda-cupti-cu12==12.1.105 in /home/likhon/.slk/.prjt/envs/video-anomaly/lib/python3.11/site-packages (from torch==2.4.1) (12.1.105)
Requirement already satisfied: nvidia-cudnn-cu12==9.1.0.70 in /home/likhon/.slk/.prjt/envs/video-anomaly/lib/python3.11/site-packages (from torch==2.4.1) (9.1.0.70)
Requirement already satisfied: nvidia-cublas-cu12==12.1.3.1 in /home/likhon/.slk/.prjt/envs/video-anomaly/lib/python3.11/site-packages (from torch==2.4.1) (12.1.3.1)
Requirement already satisfied: nvidia-cufft-cu12==11.0.2.54 in /home/likhon/.slk/.prjt/envs/video-anomaly/lib/python3.11/site-packages (from torch==2.4.1) (11.0.2.54)
Requirement already satisfied: nvidia-curand-cu12==10.3.2.106 in /home/likhon/.slk/.prjt/envs/video-anomaly/lib/python3.11/site-packages (from torch==2.4.1) (10.3.2.106)
Requirement already satisfied: nvidia-cusolver-cu12==11.4.5.107 in /home/likhon/.slk/.prjt/envs/video-anomaly/lib/python3.11/site-packages (from torch==2.4.1) (11.4.5.107)
Requirement already satisfied: nvidia-cusparse-cu12==12.1.0.106 in /home/likhon/.slk/.prjt/envs/video-anomaly/lib/python3.11/site-packages (from torch==2.4.1) (12.1.0.106)
Requirement already satisfied: nvidia-nccl-cu12==2.20.5 in /home/likhon/.slk/.prjt/envs/video-anomaly/lib/python3.11/site-packages (from torch==2.4.1) (2.20.5)
Requirement already satisfied: nvidia-nvtx-cu12==12.1.105 in /home/likhon/.slk/.prjt/envs/video-anomaly/lib/python3.11/site-packages (from torch==2.4.1) (12.1.105)
Requirement already satisfied: triton==3.0.0 in /home/likhon/.slk/.prjt/envs/video-anomaly/lib/python3.11/site-packages (from torch==2.4.1) (3.0.0)
Requirement already satisfied: numpy in /home/likhon/.slk/.prjt/envs/video-anomaly/lib/python3.11/site-packages (from torchvision==0.19.1) (1.26.4)
Collecting pillow!=8.3.*,>=5.3.0 (from torchvision==0.19.1)
  Using cached pillow-12.3.0-cp311-cp311-manylinux_2_27_x86_64.manylinux_2_28_x86_64.whl.metadata (9.1 kB)
Requirement already satisfied: nvidia-nvjitlink-cu12 in /home/likhon/.slk/.prjt/envs/video-anomaly/lib/python3.11/site-packages (from nvidia-cusolver-cu12==11.4.5.107->torch==2.4.1) (12.9.86)
Collecting MarkupSafe>=2.0 (from jinja2->torch==2.4.1)
  Using cached markupsafe-3.0.3-cp311-cp311-manylinux2014_x86_64.manylinux_2_17_x86_64.manylinux_2_28_x86_64.whl.metadata (2.7 kB)
Collecting mpmath<1.4,>=1.1.0 (from sympy->torch==2.4.1)
  Using cached mpmath-1.3.0-py3-none-any.whl.metadata (8.6 kB)
Using cached pillow-12.3.0-cp311-cp311-manylinux_2_27_x86_64.manylinux_2_28_x86_64.whl (6.9 MB)
Using cached typing_extensions-4.16.0-py3-none-any.whl (45 kB)
Using cached filelock-3.32.6-py3-none-any.whl (100 kB)
Using cached fsspec-2026.7.0-py3-none-any.whl (206 kB)
Using cached jinja2-3.1.6-py3-none-any.whl (134 kB)
Using cached markupsafe-3.0.3-cp311-cp311-manylinux2014_x86_64.manylinux_2_17_x86_64.manylinux_2_28_x86_64.whl (22 kB)
Using cached networkx-3.6.1-py3-none-any.whl (2.1 MB)
Using cached sympy-1.14.0-py3-none-any.whl (6.3 MB)
Using cached mpmath-1.3.0-py3-none-any.whl (536 kB)
Installing collected packages: mpmath, typing-extensions, sympy, pillow, networkx, MarkupSafe, fsspec, filelock, jinja2

ERROR: pip's dependency resolver does not currently take into account all the packages that are installed. This behaviour is the source of the following dependency conflicts.
streamlit 1.63.0 requires anyio<5,>=4.0.0, which is not installed.
streamlit 1.63.0 requires click<9,>=7.0, which is not installed.
ultralytics 8.4.152 requires matplotlib>=3.3.0, which is not installed.
ultralytics 8.4.152 requires pyyaml>=5.3.1, which is not installed.
starlette 1.6.0 requires anyio<5,>=3.6.2, which is not installed.
Successfully installed MarkupSafe-3.0.3 filelock-3.32.6 fsspec-2026.7.0 jinja2-3.1.6 mpmath-1.3.0 networkx-3.6.1 pillow-12.3.0 sympy-1.14.0 typing-extensions-4.16.0
Obtaining file:///home/likhon/.slk/.prjt/video-anomaly
  Installing build dependencies: started
  Installing build dependencies: finished with status 'done'
  Checking if build backend supports build_editable: started
  Checking if build backend supports build_editable: finished with status 'done'
  Getting requirements to build editable: started
  Getting requirements to build editable: finished with status 'done'
  Preparing editable metadata (pyproject.toml): started
  Preparing editable metadata (pyproject.toml): finished with status 'done'
Requirement already satisfied: psutil in /home/likhon/.slk/.prjt/envs/video-anomaly/lib/python3.11/site-packages (7.2.2)
Requirement already satisfied: opencv-python>=4.9 in /home/likhon/.slk/.prjt/envs/video-anomaly/lib/python3.11/site-packages (from sentinel==0.1.0) (4.11.0.86)
Requirement already satisfied: numpy>=1.24 in /home/likhon/.slk/.prjt/envs/video-anomaly/lib/python3.11/site-packages (from sentinel==0.1.0) (1.26.4)
Requirement already satisfied: ultralytics>=8.2 in /home/likhon/.slk/.prjt/envs/video-anomaly/lib/python3.11/site-packages (from sentinel==0.1.0) (8.4.152)
Requirement already satisfied: lap>=0.5 in /home/likhon/.slk/.prjt/envs/video-anomaly/lib/python3.11/site-packages (from sentinel==0.1.0) (0.5.13)
Collecting PyYAML>=6.0 (from sentinel==0.1.0)
  Using cached pyyaml-6.0.3-cp311-cp311-manylinux2014_x86_64.manylinux_2_17_x86_64.manylinux_2_28_x86_64.whl.metadata (2.4 kB)
Requirement already satisfied: streamlit>=1.32 in /home/likhon/.slk/.prjt/envs/video-anomaly/lib/python3.11/site-packages (from sentinel==0.1.0) (1.63.0)
Requirement already satisfied: pandas>=2.0 in /home/likhon/.slk/.prjt/envs/video-anomaly/lib/python3.11/site-packages (from sentinel==0.1.0) (3.0.5)
Requirement already satisfied: prometheus-client>=0.20 in /home/likhon/.slk/.prjt/envs/video-anomaly/lib/python3.11/site-packages (from sentinel==0.1.0) (0.26.0)
Requirement already satisfied: pytest>=8.0 in /home/likhon/.slk/.prjt/envs/video-anomaly/lib/python3.11/site-packages (from sentinel==0.1.0) (9.1.1)
Requirement already satisfied: ruff>=0.4 in /home/likhon/.slk/.prjt/envs/video-anomaly/lib/python3.11/site-packages (from sentinel==0.1.0) (0.16.7)
Collecting python-dateutil>=2.8.2 (from pandas>=2.0->sentinel==0.1.0)
  Using cached python_dateutil-2.9.0.post0-py2.py3-none-any.whl.metadata (8.4 kB)
Requirement already satisfied: iniconfig>=1.0.1 in /home/likhon/.slk/.prjt/envs/video-anomaly/lib/python3.11/site-packages (from pytest>=8.0->sentinel==0.1.0) (2.3.0)
Requirement already satisfied: packaging>=22 in /home/likhon/.slk/.prjt/envs/video-anomaly/lib/python3.11/site-packages (from pytest>=8.0->sentinel==0.1.0) (26.3)
Requirement already satisfied: pluggy<2,>=1.5 in /home/likhon/.slk/.prjt/envs/video-anomaly/lib/python3.11/site-packages (from pytest>=8.0->sentinel==0.1.0) (1.6.0)
Collecting pygments>=2.7.2 (from pytest>=8.0->sentinel==0.1.0)
  Using cached pygments-2.21.0-py3-none-any.whl.metadata (2.5 kB)
Collecting six>=1.5 (from python-dateutil>=2.8.2->pandas>=2.0->sentinel==0.1.0)
  Using cached six-1.17.0-py2.py3-none-any.whl.metadata (1.7 kB)
Requirement already satisfied: altair!=5.4.0,!=5.4.1,<7,>=5.0.0 in /home/likhon/.slk/.prjt/envs/video-anomaly/lib/python3.11/site-packages (from streamlit>=1.32->sentinel==0.1.0) (6.3.0)
Collecting click<9,>=7.0 (from streamlit>=1.32->sentinel==0.1.0)
  Using cached click-8.5.0-py3-none-any.whl.metadata (2.6 kB)
Requirement already satisfied: pillow<13,>=7.1.0 in /home/likhon/.slk/.prjt/envs/video-anomaly/lib/python3.11/site-packages (from streamlit>=1.32->sentinel==0.1.0) (12.3.0)
Requirement already satisfied: pydeck<1,>=0.8.0b4 in /home/likhon/.slk/.prjt/envs/video-anomaly/lib/python3.11/site-packages (from streamlit>=1.32->sentinel==0.1.0) (0.9.3)
Requirement already satisfied: protobuf<8,>=5.26.1 in /home/likhon/.slk/.prjt/envs/video-anomaly/lib/python3.11/site-packages (from streamlit>=1.32->sentinel==0.1.0) (7.36.1)
Requirement already satisfied: pyarrow!=25.0.0,<26,>=7.0 in /home/likhon/.slk/.prjt/envs/video-anomaly/lib/python3.11/site-packages (from streamlit>=1.32->sentinel==0.1.0) (25.0.1)
Requirement already satisfied: requests<3,>=2.27 in /home/likhon/.slk/.prjt/envs/video-anomaly/lib/python3.11/site-packages (from streamlit>=1.32->sentinel==0.1.0) (2.34.2)
Requirement already satisfied: toml<2,>=0.10.1 in /home/likhon/.slk/.prjt/envs/video-anomaly/lib/python3.11/site-packages (from streamlit>=1.32->sentinel==0.1.0) (0.10.2)
Requirement already satisfied: typing-extensions<5,>=4.10.0 in /home/likhon/.slk/.prjt/envs/video-anomaly/lib/python3.11/site-packages (from streamlit>=1.32->sentinel==0.1.0) (4.16.0)
Requirement already satisfied: starlette<2,>=0.46.0 in /home/likhon/.slk/.prjt/envs/video-anomaly/lib/python3.11/site-packages (from streamlit>=1.32->sentinel==0.1.0) (1.6.0)
Requirement already satisfied: uvicorn<1,>=0.30.0 in /home/likhon/.slk/.prjt/envs/video-anomaly/lib/python3.11/site-packages (from streamlit>=1.32->sentinel==0.1.0) (0.53.0)
Requirement already satisfied: httptools<1,>=0.6.3 in /home/likhon/.slk/.prjt/envs/video-anomaly/lib/python3.11/site-packages (from streamlit>=1.32->sentinel==0.1.0) (0.8.0)
Collecting anyio<5,>=4.0.0 (from streamlit>=1.32->sentinel==0.1.0)
  Using cached anyio-4.15.1-py3-none-any.whl.metadata (4.7 kB)
Requirement already satisfied: python-multipart<1,>=0.0.10 in /home/likhon/.slk/.prjt/envs/video-anomaly/lib/python3.11/site-packages (from streamlit>=1.32->sentinel==0.1.0) (0.0.32)
Requirement already satisfied: websockets<17,>=12.0.0 in /home/likhon/.slk/.prjt/envs/video-anomaly/lib/python3.11/site-packages (from streamlit>=1.32->sentinel==0.1.0) (16.1.1)
Requirement already satisfied: itsdangerous<3,>=2.1.2 in /home/likhon/.slk/.prjt/envs/video-anomaly/lib/python3.11/site-packages (from streamlit>=1.32->sentinel==0.1.0) (2.2.0)
Requirement already satisfied: watchdog<7,>=2.1.5 in /home/likhon/.slk/.prjt/envs/video-anomaly/lib/python3.11/site-packages (from streamlit>=1.32->sentinel==0.1.0) (6.0.0)
Requirement already satisfied: jinja2 in /home/likhon/.slk/.prjt/envs/video-anomaly/lib/python3.11/site-packages (from altair!=5.4.0,!=5.4.1,<7,>=5.0.0->streamlit>=1.32->sentinel==0.1.0) (3.1.6)
Requirement already satisfied: jsonschema>=3.0 in /home/likhon/.slk/.prjt/envs/video-anomaly/lib/python3.11/site-packages (from altair!=5.4.0,!=5.4.1,<7,>=5.0.0->streamlit>=1.32->sentinel==0.1.0) (4.26.0)
Requirement already satisfied: narwhals>=2.4.0 in /home/likhon/.slk/.prjt/envs/video-anomaly/lib/python3.11/site-packages (from altair!=5.4.0,!=5.4.1,<7,>=5.0.0->streamlit>=1.32->sentinel==0.1.0) (2.26.0)
Collecting idna>=2.8 (from anyio<5,>=4.0.0->streamlit>=1.32->sentinel==0.1.0)
  Using cached idna-3.19-py3-none-any.whl.metadata (9.2 kB)
Requirement already satisfied: charset_normalizer<4,>=2 in /home/likhon/.slk/.prjt/envs/video-anomaly/lib/python3.11/site-packages (from requests<3,>=2.27->streamlit>=1.32->sentinel==0.1.0) (3.5.1)
Requirement already satisfied: urllib3<3,>=1.26 in /home/likhon/.slk/.prjt/envs/video-anomaly/lib/python3.11/site-packages (from requests<3,>=2.27->streamlit>=1.32->sentinel==0.1.0) (2.7.0)
Requirement already satisfied: certifi>=2023.5.7 in /home/likhon/.slk/.prjt/envs/video-anomaly/lib/python3.11/site-packages (from requests<3,>=2.27->streamlit>=1.32->sentinel==0.1.0) (2026.7.22)
Collecting h11>=0.8 (from uvicorn<1,>=0.30.0->streamlit>=1.32->sentinel==0.1.0)
  Using cached h11-0.16.0-py3-none-any.whl.metadata (8.3 kB)
Requirement already satisfied: MarkupSafe>=2.0 in /home/likhon/.slk/.prjt/envs/video-anomaly/lib/python3.11/site-packages (from jinja2->altair!=5.4.0,!=5.4.1,<7,>=5.0.0->streamlit>=1.32->sentinel==0.1.0) (3.0.3)
Requirement already satisfied: attrs>=22.2.0 in /home/likhon/.slk/.prjt/envs/video-anomaly/lib/python3.11/site-packages (from jsonschema>=3.0->altair!=5.4.0,!=5.4.1,<7,>=5.0.0->streamlit>=1.32->sentinel==0.1.0) (26.1.0)
Requirement already satisfied: jsonschema-specifications>=2023.03.6 in /home/likhon/.slk/.prjt/envs/video-anomaly/lib/python3.11/site-packages (from jsonschema>=3.0->altair!=5.4.0,!=5.4.1,<7,>=5.0.0->streamlit>=1.32->sentinel==0.1.0) (2025.9.1)
Requirement already satisfied: referencing>=0.28.4 in /home/likhon/.slk/.prjt/envs/video-anomaly/lib/python3.11/site-packages (from jsonschema>=3.0->altair!=5.4.0,!=5.4.1,<7,>=5.0.0->streamlit>=1.32->sentinel==0.1.0) (0.37.0)
Requirement already satisfied: rpds-py>=0.25.0 in /home/likhon/.slk/.prjt/envs/video-anomaly/lib/python3.11/site-packages (from jsonschema>=3.0->altair!=5.4.0,!=5.4.1,<7,>=5.0.0->streamlit>=1.32->sentinel==0.1.0) (2026.6.3)
Requirement already satisfied: cloudpickle>=3.1.1 in /home/likhon/.slk/.prjt/envs/video-anomaly/lib/python3.11/site-packages (from ultralytics>=8.2->sentinel==0.1.0) (3.1.2)
Requirement already satisfied: filelock>=3.16.1 in /home/likhon/.slk/.prjt/envs/video-anomaly/lib/python3.11/site-packages (from ultralytics>=8.2->sentinel==0.1.0) (3.32.6)
Collecting matplotlib>=3.3.0 (from ultralytics>=8.2->sentinel==0.1.0)
  Using cached matplotlib-3.11.2-cp311-cp311-manylinux2014_x86_64.manylinux_2_17_x86_64.whl.metadata (80 kB)
Requirement already satisfied: torch>=1.8.0 in /home/likhon/.slk/.prjt/envs/video-anomaly/lib/python3.11/site-packages (from ultralytics>=8.2->sentinel==0.1.0) (2.4.1)
Requirement already satisfied: torchvision>=0.9.0 in /home/likhon/.slk/.prjt/envs/video-anomaly/lib/python3.11/site-packages (from ultralytics>=8.2->sentinel==0.1.0) (0.19.1)
Requirement already satisfied: polars>=0.20.0 in /home/likhon/.slk/.prjt/envs/video-anomaly/lib/python3.11/site-packages (from ultralytics>=8.2->sentinel==0.1.0) (1.44.2)
Requirement already satisfied: nvidia-ml-py>=12.0.0 in /home/likhon/.slk/.prjt/envs/video-anomaly/lib/python3.11/site-packages (from ultralytics>=8.2->sentinel==0.1.0) (13.610.43)
Requirement already satisfied: ultralytics-thop>=2.1.6 in /home/likhon/.slk/.prjt/envs/video-anomaly/lib/python3.11/site-packages (from ultralytics>=8.2->sentinel==0.1.0) (2.1.6)
Requirement already satisfied: ultralytics-platform>=0.1.32 in /home/likhon/.slk/.prjt/envs/video-anomaly/lib/python3.11/site-packages (from ultralytics>=8.2->sentinel==0.1.0) (0.1.41)
Collecting contourpy>=1.0.1 (from matplotlib>=3.3.0->ultralytics>=8.2->sentinel==0.1.0)
  Using cached contourpy-1.3.3-cp311-cp311-manylinux_2_27_x86_64.manylinux_2_28_x86_64.whl.metadata (5.5 kB)
Collecting cycler>=0.10 (from matplotlib>=3.3.0->ultralytics>=8.2->sentinel==0.1.0)
  Using cached cycler-0.12.1-py3-none-any.whl.metadata (3.8 kB)
Collecting fonttools>=4.28.2 (from matplotlib>=3.3.0->ultralytics>=8.2->sentinel==0.1.0)
  Using cached fonttools-4.65.0-cp311-cp311-manylinux2014_x86_64.manylinux_2_17_x86_64.whl.metadata (125 kB)
Collecting kiwisolver>=1.3.1 (from matplotlib>=3.3.0->ultralytics>=8.2->sentinel==0.1.0)
  Using cached kiwisolver-1.5.1-cp311-cp311-manylinux2014_x86_64.manylinux_2_17_x86_64.whl.metadata (5.2 kB)
Collecting pyparsing>=3 (from matplotlib>=3.3.0->ultralytics>=8.2->sentinel==0.1.0)
  Using cached pyparsing-3.3.2-py3-none-any.whl.metadata (5.8 kB)
Requirement already satisfied: polars-runtime-32==1.44.2 in /home/likhon/.slk/.prjt/envs/video-anomaly/lib/python3.11/site-packages (from polars>=0.20.0->ultralytics>=8.2->sentinel==0.1.0) (1.44.2)
Requirement already satisfied: sympy in /home/likhon/.slk/.prjt/envs/video-anomaly/lib/python3.11/site-packages (from torch>=1.8.0->ultralytics>=8.2->sentinel==0.1.0) (1.14.0)
Requirement already satisfied: networkx in /home/likhon/.slk/.prjt/envs/video-anomaly/lib/python3.11/site-packages (from torch>=1.8.0->ultralytics>=8.2->sentinel==0.1.0) (3.6.1)
Requirement already satisfied: fsspec in /home/likhon/.slk/.prjt/envs/video-anomaly/lib/python3.11/site-packages (from torch>=1.8.0->ultralytics>=8.2->sentinel==0.1.0) (2026.7.0)
Requirement already satisfied: nvidia-cuda-nvrtc-cu12==12.1.105 in /home/likhon/.slk/.prjt/envs/video-anomaly/lib/python3.11/site-packages (from torch>=1.8.0->ultralytics>=8.2->sentinel==0.1.0) (12.1.105)
Requirement already satisfied: nvidia-cuda-runtime-cu12==12.1.105 in /home/likhon/.slk/.prjt/envs/video-anomaly/lib/python3.11/site-packages (from torch>=1.8.0->ultralytics>=8.2->sentinel==0.1.0) (12.1.105)
Requirement already satisfied: nvidia-cuda-cupti-cu12==12.1.105 in /home/likhon/.slk/.prjt/envs/video-anomaly/lib/python3.11/site-packages (from torch>=1.8.0->ultralytics>=8.2->sentinel==0.1.0) (12.1.105)
Requirement already satisfied: nvidia-cudnn-cu12==9.1.0.70 in /home/likhon/.slk/.prjt/envs/video-anomaly/lib/python3.11/site-packages (from torch>=1.8.0->ultralytics>=8.2->sentinel==0.1.0) (9.1.0.70)
Requirement already satisfied: nvidia-cublas-cu12==12.1.3.1 in /home/likhon/.slk/.prjt/envs/video-anomaly/lib/python3.11/site-packages (from torch>=1.8.0->ultralytics>=8.2->sentinel==0.1.0) (12.1.3.1)
Requirement already satisfied: nvidia-cufft-cu12==11.0.2.54 in /home/likhon/.slk/.prjt/envs/video-anomaly/lib/python3.11/site-packages (from torch>=1.8.0->ultralytics>=8.2->sentinel==0.1.0) (11.0.2.54)
Requirement already satisfied: nvidia-curand-cu12==10.3.2.106 in /home/likhon/.slk/.prjt/envs/video-anomaly/lib/python3.11/site-packages (from torch>=1.8.0->ultralytics>=8.2->sentinel==0.1.0) (10.3.2.106)
Requirement already satisfied: nvidia-cusolver-cu12==11.4.5.107 in /home/likhon/.slk/.prjt/envs/video-anomaly/lib/python3.11/site-packages (from torch>=1.8.0->ultralytics>=8.2->sentinel==0.1.0) (11.4.5.107)
Requirement already satisfied: nvidia-cusparse-cu12==12.1.0.106 in /home/likhon/.slk/.prjt/envs/video-anomaly/lib/python3.11/site-packages (from torch>=1.8.0->ultralytics>=8.2->sentinel==0.1.0) (12.1.0.106)
Requirement already satisfied: nvidia-nccl-cu12==2.20.5 in /home/likhon/.slk/.prjt/envs/video-anomaly/lib/python3.11/site-packages (from torch>=1.8.0->ultralytics>=8.2->sentinel==0.1.0) (2.20.5)
Requirement already satisfied: nvidia-nvtx-cu12==12.1.105 in /home/likhon/.slk/.prjt/envs/video-anomaly/lib/python3.11/site-packages (from torch>=1.8.0->ultralytics>=8.2->sentinel==0.1.0) (12.1.105)
Requirement already satisfied: triton==3.0.0 in /home/likhon/.slk/.prjt/envs/video-anomaly/lib/python3.11/site-packages (from torch>=1.8.0->ultralytics>=8.2->sentinel==0.1.0) (3.0.0)
Requirement already satisfied: nvidia-nvjitlink-cu12 in /home/likhon/.slk/.prjt/envs/video-anomaly/lib/python3.11/site-packages (from nvidia-cusolver-cu12==11.4.5.107->torch>=1.8.0->ultralytics>=8.2->sentinel==0.1.0) (12.9.86)
Collecting httpx<1,>=0.28 (from ultralytics-platform>=0.1.32->ultralytics>=8.2->sentinel==0.1.0)
  Using cached httpx-0.28.1-py3-none-any.whl.metadata (7.1 kB)
Collecting httpcore==1.* (from httpx<1,>=0.28->ultralytics-platform>=0.1.32->ultralytics>=8.2->sentinel==0.1.0)
  Using cached httpcore-1.0.9-py3-none-any.whl.metadata (21 kB)
Requirement already satisfied: mpmath<1.4,>=1.1.0 in /home/likhon/.slk/.prjt/envs/video-anomaly/lib/python3.11/site-packages (from sympy->torch>=1.8.0->ultralytics>=8.2->sentinel==0.1.0) (1.3.0)
Using cached pygments-2.21.0-py3-none-any.whl (1.3 MB)
Using cached python_dateutil-2.9.0.post0-py2.py3-none-any.whl (229 kB)
Using cached pyyaml-6.0.3-cp311-cp311-manylinux2014_x86_64.manylinux_2_17_x86_64.manylinux_2_28_x86_64.whl (806 kB)
Using cached six-1.17.0-py2.py3-none-any.whl (11 kB)
Using cached anyio-4.15.1-py3-none-any.whl (132 kB)
Using cached click-8.5.0-py3-none-any.whl (125 kB)
Using cached idna-3.19-py3-none-any.whl (68 kB)
Using cached h11-0.16.0-py3-none-any.whl (37 kB)
Using cached matplotlib-3.11.2-cp311-cp311-manylinux2014_x86_64.manylinux_2_17_x86_64.whl (9.9 MB)
Using cached contourpy-1.3.3-cp311-cp311-manylinux_2_27_x86_64.manylinux_2_28_x86_64.whl (355 kB)
Using cached cycler-0.12.1-py3-none-any.whl (8.3 kB)
Using cached fonttools-4.65.0-cp311-cp311-manylinux2014_x86_64.manylinux_2_17_x86_64.whl (5.5 MB)
Using cached kiwisolver-1.5.1-cp311-cp311-manylinux2014_x86_64.manylinux_2_17_x86_64.whl (1.4 MB)
Using cached pyparsing-3.3.2-py3-none-any.whl (122 kB)
Using cached httpx-0.28.1-py3-none-any.whl (73 kB)
Using cached httpcore-1.0.9-py3-none-any.whl (78 kB)
Building wheels for collected packages: sentinel
  Building editable for sentinel (pyproject.toml): started
  Building editable for sentinel (pyproject.toml): finished with status 'done'
  Created wheel for sentinel: filename=sentinel-0.1.0-0.editable-py3-none-any.whl size=7938 sha256=78c4adfdb7c53d9c6e455c6dbfff646c2f692d12bdbb683a59a5a32693926215
  Stored in directory: /tmp/pip-ephem-wheel-cache-mqd63efn/wheels/fd/7a/f6/d6a7ff09a9cf4629f9d4b0a279b2e44574d7e3d534b842e783
Successfully built sentinel
Installing collected packages: six, PyYAML, pyparsing, pygments, kiwisolver, idna, h11, fonttools, cycler, contourpy, click, python-dateutil, httpcore, anyio, matplotlib, httpx, sentinel
  Attempting uninstall: sentinel
    Found existing installation: sentinel 0.1.0
    Uninstalling sentinel-0.1.0:
      Successfully uninstalled sentinel-0.1.0

Successfully installed PyYAML-6.0.3 anyio-4.15.1 click-8.5.0 contourpy-1.3.3 cycler-0.12.1 fonttools-4.65.0 h11-0.16.0 httpcore-1.0.9 httpx-0.28.1 idna-3.19 kiwisolver-1.5.1 matplotlib-3.11.2 pygments-2.21.0 pyparsing-3.3.2 python-dateutil-2.9.0.post0 sentinel-0.1.0 six-1.17.0
torch 2.4.1+cu121 cuda True NVIDIA RTX A5000 | ultralytics 8.4.152 | cv2 4.11.0
