[KDownloading https://github.com/ultralytics/assets/releases/download/v8.4.0/yolov8n.pt to 'yolov8n.pt': 100% ━━━━━━━━━━━━ 6.2MB 68.5MB/s 0.1s
[  1.70s] ALERT wrong_way track=1 conf=0.99 {'heading_deg': 182.7, 'expected_flow_deg': 0.0, 'deviation_deg': 177.3}
[  1.70s] ALERT wrong_way track=3 conf=0.96 {'heading_deg': 192.7, 'expected_flow_deg': 0.0, 'deviation_deg': 167.3}
[  2.90s] ALERT wrong_way track=7 conf=0.94 {'heading_deg': 201.9, 'expected_flow_deg': 0.0, 'deviation_deg': 158.1}
[  3.40s] ALERT wrong_way track=9 conf=0.95 {'heading_deg': 196.7, 'expected_flow_deg': 0.0, 'deviation_deg': 163.3}
[  5.40s] ALERT crowd_density track=None conf=0.65 {'person_count': 9, 'sustained_sec': 3.0}
[  5.70s] ALERT wrong_way track=16 conf=0.94 {'heading_deg': 201.1, 'expected_flow_deg': 0.0, 'deviation_deg': 158.9}
[  6.40s] ALERT wrong_way track=14 conf=0.91 {'heading_deg': 213.9, 'expected_flow_deg': 0.0, 'deviation_deg': 146.1}
[  7.70s] ALERT wrong_way track=19 conf=0.98 {'heading_deg': 172.5, 'expected_flow_deg': 0.0, 'deviation_deg': 172.5}
[  8.50s] ALERT loitering track=12 conf=0.84 {'radius_px': 19.8, 'duration_sec': 6.0}
[  9.70s] ALERT wrong_way track=20 conf=0.97 {'heading_deg': 170.9, 'expected_flow_deg': 0.0, 'deviation_deg': 170.9}
[ 13.20s] ALERT wrong_way track=22 conf=0.98 {'heading_deg': 188.2, 'expected_flow_deg': 0.0, 'deviation_deg': 171.8}
[ 14.80s] ALERT wrong_way track=23 conf=0.97 {'heading_deg': 190.8, 'expected_flow_deg': 0.0, 'deviation_deg': 169.2}
[ 17.70s] ALERT wrong_way track=27 conf=0.75 {'heading_deg': 268.2, 'expected_flow_deg': 0.0, 'deviation_deg': 91.8}
[ 21.00s] ALERT loitering track=7 conf=0.62 {'radius_px': 47.8, 'duration_sec': 6.0}
[ 21.00s] ALERT loitering track=9 conf=0.60 {'radius_px': 49.4, 'duration_sec': 6.0}
[ 22.70s] ALERT wrong_way track=12 conf=0.94 {'heading_deg': 200.7, 'expected_flow_deg': 0.0, 'deviation_deg': 159.3}
[ 23.60s] ALERT wrong_way track=31 conf=0.95 {'heading_deg': 198.5, 'expected_flow_deg': 0.0, 'deviation_deg': 161.5}
[ 24.60s] ALERT wrong_way track=29 conf=0.94 {'heading_deg': 199.9, 'expected_flow_deg': 0.0, 'deviation_deg': 160.1}
[ 36.30s] ALERT wrong_way track=36 conf=0.95 {'heading_deg': 199.4, 'expected_flow_deg': 0.0, 'deviation_deg': 160.6}
[ 37.20s] ALERT wrong_way track=37 conf=0.99 {'heading_deg': 176.9, 'expected_flow_deg': 0.0, 'deviation_deg': 176.9}
[ 43.00s] ALERT wrong_way track=42 conf=0.91 {'heading_deg': 146.1, 'expected_flow_deg': 0.0, 'deviation_deg': 146.1}
[ 43.60s] ALERT loitering track=37 conf=0.60 {'radius_px': 49.9, 'duration_sec': 6.0}
[ 43.70s] ALERT wrong_way track=43 conf=0.97 {'heading_deg': 191.3, 'expected_flow_deg': 0.0, 'deviation_deg': 168.7}
[ 47.70s] ALERT wrong_way track=44 conf=0.94 {'heading_deg': 202.7, 'expected_flow_deg': 0.0, 'deviation_deg': 157.3}
[ 51.80s] ALERT wrong_way track=46 conf=0.95 {'heading_deg': 197.4, 'expected_flow_deg': 0.0, 'deviation_deg': 162.6}
[ 52.10s] ALERT wrong_way track=47 conf=0.99 {'heading_deg': 185.4, 'expected_flow_deg': 0.0, 'deviation_deg': 174.6}
[ 52.90s] ALERT fall track=46 conf=0.78 {'aspect_ratio_drop_pct': 55.6, 'persisted_sec': 2.2, 'speed_px_per_sec': 39.9}
[ 54.70s] ALERT wrong_way track=53 conf=0.96 {'heading_deg': 193.8, 'expected_flow_deg': 0.0, 'deviation_deg': 166.2}
[ 55.10s] ALERT loitering track=42 conf=0.60 {'radius_px': 49.4, 'duration_sec': 6.0}
[ 58.70s] ALERT wrong_way track=55 conf=0.95 {'heading_deg': 197.9, 'expected_flow_deg': 0.0, 'deviation_deg': 162.1}
[ 67.30s] ALERT wrong_way track=62 conf=0.96 {'heading_deg': 195.8, 'expected_flow_deg': 0.0, 'deviation_deg': 164.2}
[ 70.80s] ALERT wrong_way track=64 conf=0.98 {'heading_deg': 188.0, 'expected_flow_deg': 0.0, 'deviation_deg': 172.0}
[ 71.50s] ALERT wrong_way track=67 conf=0.97 {'heading_deg': 169.0, 'expected_flow_deg': 0.0, 'deviation_deg': 169.0}
[ 75.40s] ALERT wrong_way track=73 conf=0.99 {'heading_deg': 183.4, 'expected_flow_deg': 0.0, 'deviation_deg': 176.6}
[ 79.00s] ALERT wrong_way track=57 conf=0.88 {'heading_deg': 135.1, 'expected_flow_deg': 0.0, 'deviation_deg': 135.1}
{
  "source": "/home/likhon/.slk/.prjt/samples/vtest.avi",
  "profile": "demo",
  "weights": "yolov8n.pt",
  "tracker": "botsort.yaml",
  "frames": 795,
  "video_fps": 10.0,
  "resolution": [
    768,
    576
  ],
  "mean_track_ms": 55.71,
  "track_fps": 18.0,
  "unique_tracks_by_class": {
    "person": 34,
    "truck": 2,
    "car": 3
  },
  "max_persons_in_frame": 9,
  "alerts_by_type": {
    "wrong_way": 28,
    "crowd_density": 1,
    "loitering": 5,
    "fall": 1
  }
}
[  2.20s] ALERT wrong_way track=1 conf=0.98 {'heading_deg': 187.7, 'expected_flow_deg': 0.0, 'deviation_deg': 172.3}
[  2.20s] ALERT wrong_way track=3 conf=0.96 {'heading_deg': 192.7, 'expected_flow_deg': 0.0, 'deviation_deg': 167.3}
[  3.40s] ALERT wrong_way track=7 conf=0.95 {'heading_deg': 197.8, 'expected_flow_deg': 0.0, 'deviation_deg': 162.2}
[  3.90s] ALERT wrong_way track=9 conf=0.96 {'heading_deg': 194.9, 'expected_flow_deg': 0.0, 'deviation_deg': 165.1}
[  6.20s] ALERT wrong_way track=16 conf=0.91 {'heading_deg': 212.8, 'expected_flow_deg': 0.0, 'deviation_deg': 147.2}
[  6.90s] ALERT wrong_way track=14 conf=0.91 {'heading_deg': 213.9, 'expected_flow_deg': 0.0, 'deviation_deg': 146.1}
[ 10.20s] ALERT wrong_way track=20 conf=0.98 {'heading_deg': 172.7, 'expected_flow_deg': 0.0, 'deviation_deg': 172.7}
[ 13.70s] ALERT wrong_way track=22 conf=0.96 {'heading_deg': 193.8, 'expected_flow_deg': 0.0, 'deviation_deg': 166.2}
[ 15.30s] ALERT wrong_way track=23 conf=0.97 {'heading_deg': 189.1, 'expected_flow_deg': 0.0, 'deviation_deg': 170.9}
[ 18.20s] ALERT wrong_way track=27 conf=0.75 {'heading_deg': 268.2, 'expected_flow_deg': 0.0, 'deviation_deg': 91.8}
[ 23.20s] ALERT wrong_way track=12 conf=0.94 {'heading_deg': 202.3, 'expected_flow_deg': 0.0, 'deviation_deg': 157.7}
[ 24.10s] ALERT wrong_way track=31 conf=0.97 {'heading_deg': 192.6, 'expected_flow_deg': 0.0, 'deviation_deg': 167.4}
[ 25.10s] ALERT wrong_way track=29 conf=0.97 {'heading_deg': 192.5, 'expected_flow_deg': 0.0, 'deviation_deg': 167.5}
[ 36.80s] ALERT wrong_way track=36 conf=0.95 {'heading_deg': 199.4, 'expected_flow_deg': 0.0, 'deviation_deg': 160.6}
[ 37.70s] ALERT wrong_way track=37 conf=0.99 {'heading_deg': 178.1, 'expected_flow_deg': 0.0, 'deviation_deg': 178.1}
[ 43.50s] ALERT wrong_way track=42 conf=0.92 {'heading_deg': 151.0, 'expected_flow_deg': 0.0, 'deviation_deg': 151.0}
[ 44.20s] ALERT wrong_way track=43 conf=0.97 {'heading_deg': 192.1, 'expected_flow_deg': 0.0, 'deviation_deg': 167.9}
[ 48.20s] ALERT wrong_way track=44 conf=0.92 {'heading_deg': 209.1, 'expected_flow_deg': 0.0, 'deviation_deg': 150.9}
[ 52.30s] ALERT wrong_way track=46 conf=0.93 {'heading_deg': 203.8, 'expected_flow_deg': 0.0, 'deviation_deg': 156.2}
[ 52.60s] ALERT wrong_way track=47 conf=0.99 {'heading_deg': 181.9, 'expected_flow_deg': 0.0, 'deviation_deg': 178.1}
[ 52.90s] ALERT fall track=46 conf=0.78 {'aspect_ratio_drop_pct': 55.6, 'persisted_sec': 2.2, 'speed_px_per_sec': 39.9}
[ 55.20s] ALERT wrong_way track=53 conf=0.98 {'heading_deg': 172.7, 'expected_flow_deg': 0.0, 'deviation_deg': 172.7}
[ 59.20s] ALERT wrong_way track=55 conf=0.94 {'heading_deg': 202.6, 'expected_flow_deg': 0.0, 'deviation_deg': 157.4}
[ 67.80s] ALERT wrong_way track=62 conf=0.97 {'heading_deg': 190.1, 'expected_flow_deg': 0.0, 'deviation_deg': 169.9}
[ 71.30s] ALERT wrong_way track=64 conf=0.98 {'heading_deg': 186.3, 'expected_flow_deg': 0.0, 'deviation_deg': 173.7}
[ 72.00s] ALERT wrong_way track=67 conf=0.95 {'heading_deg': 161.8, 'expected_flow_deg': 0.0, 'deviation_deg': 161.8}
[ 75.90s] ALERT wrong_way track=73 conf=0.99 {'heading_deg': 174.9, 'expected_flow_deg': 0.0, 'deviation_deg': 174.9}
{
  "source": "/home/likhon/.slk/.prjt/samples/vtest.avi",
  "profile": "default",
  "weights": "yolov8n.pt",
  "tracker": "botsort.yaml",
  "frames": 795,
  "video_fps": 10.0,
  "resolution": [
    768,
    576
  ],
  "mean_track_ms": 50.76,
  "track_fps": 19.7,
  "unique_tracks_by_class": {
    "car": 3,
    "person": 34,
    "truck": 2
  },
  "max_persons_in_frame": 9,
  "alerts_by_type": {
    "wrong_way": 26,
    "fall": 1
  }
}
